
> build
> next build

